../Core/Src/main.c:181:5:main	184	static
../Core/Src/main.c:826:6:SystemClock_Config	88	static
../Core/Src/main.c:872:13:MX_CRC_Init	8	static
../Core/Src/main.c:898:13:MX_SPI1_Init	8	static
../Core/Src/main.c:936:13:MX_SPI2_Init	8	static
../Core/Src/main.c:974:13:MX_TIM2_Init	32	static
../Core/Src/main.c:1019:13:MX_TIM3_Init	32	static
../Core/Src/main.c:1064:13:MX_TIM4_Init	64	static
../Core/Src/main.c:1127:13:MX_USART1_UART_Init	8	static
../Core/Src/main.c:1158:13:MX_DMA_Init	16	static
../Core/Src/main.c:1176:13:MX_GPIO_Init	48	static
../Core/Src/main.c:1278:6:PIDInit	24	static
../Core/Src/main.c:1308:10:PIDcalculation	32	static
../Core/Src/main.c:1367:6:WriteVarToFlash	232	static
../Core/Src/main.c:1486:6:ReadVarFromFlash	240	static
../Core/Src/main.c:1605:6:Error_Handler	4	static,ignoring_inline_asm
