../Core/Src/main.c:167:5:main	168	static
../Core/Src/main.c:587:6:SystemClock_Config	88	static
../Core/Src/main.c:633:13:MX_CRC_Init	8	static
../Core/Src/main.c:659:13:MX_SPI1_Init	8	static
../Core/Src/main.c:697:13:MX_SPI2_Init	8	static
../Core/Src/main.c:735:13:MX_TIM2_Init	32	static
../Core/Src/main.c:780:13:MX_TIM3_Init	32	static
../Core/Src/main.c:825:13:MX_TIM4_Init	64	static
../Core/Src/main.c:888:13:MX_USART1_UART_Init	8	static
../Core/Src/main.c:919:13:MX_DMA_Init	16	static
../Core/Src/main.c:937:13:MX_GPIO_Init	48	static
../Core/Src/main.c:1039:6:PIDInit	24	static
../Core/Src/main.c:1069:10:PIDcalculation	32	static
../Core/Src/main.c:1132:6:Error_Handler	4	static,ignoring_inline_asm
