../Middlewares/ST/touchgfx/framework/include/mvp/Presenter.hpp:37:18:virtual void touchgfx::Presenter::activate()	16	static
../Middlewares/ST/touchgfx/framework/include/mvp/Presenter.hpp:47:18:virtual void touchgfx::Presenter::deactivate()	16	static
../Middlewares/ST/touchgfx/framework/include/mvp/Presenter.hpp:52:13:touchgfx::Presenter::~Presenter()	16	static
../Middlewares/ST/touchgfx/framework/include/mvp/Presenter.hpp:52:13:virtual touchgfx::Presenter::~Presenter()	16	static
../Middlewares/ST/touchgfx/framework/include/mvp/Presenter.hpp:58:5:touchgfx::Presenter::Presenter()	16	static
../TouchGFX/gui/include/gui/model/ModelListener.hpp:10:5:ModelListener::ModelListener()	16	static
../TouchGFX/gui/include/gui/model/ModelListener.hpp:12:13:ModelListener::~ModelListener()	16	static
../TouchGFX/gui/include/gui/model/ModelListener.hpp:12:13:virtual ModelListener::~ModelListener()	16	static
../TouchGFX/gui/include/gui/model/ModelListener.hpp:19:18:virtual void ModelListener::setTEMP(float)	16	static
../TouchGFX/gui/include/gui/model/ModelListener.hpp:20:18:virtual void ModelListener::setTIME(int)	16	static
../TouchGFX/gui/include/gui/model/ModelListener.hpp:21:18:virtual void ModelListener::setPAGE(int)	16	static
../TouchGFX/gui/include/gui/model/ModelListener.hpp:22:18:virtual void ModelListener::setTIMELEFT(int)	16	static
../TouchGFX/gui/include/gui/home_dry_screen/Home_DryPresenter.hpp:28:13:Home_DryPresenter::~Home_DryPresenter()	16	static
../TouchGFX/gui/include/gui/home_dry_screen/Home_DryPresenter.hpp:28:13:virtual Home_DryPresenter::~Home_DryPresenter()	16	static
../TouchGFX/gui/src/home_dry_screen/Home_DryPresenter.cpp:4:1:Home_DryPresenter::Home_DryPresenter(Home_DryView&)	16	static
../TouchGFX/gui/src/home_dry_screen/Home_DryPresenter.cpp:10:6:virtual void Home_DryPresenter::activate()	16	static
../TouchGFX/gui/src/home_dry_screen/Home_DryPresenter.cpp:15:6:virtual void Home_DryPresenter::deactivate()	16	static
../TouchGFX/gui/src/home_dry_screen/Home_DryPresenter.cpp:21:6:virtual void Home_DryPresenter::setTEMP(float)	16	static
../TouchGFX/gui/src/home_dry_screen/Home_DryPresenter.cpp:27:6:virtual void Home_DryPresenter::setTIMELEFT(int)	16	static
