../Middlewares/ST/touchgfx/framework/include/touchgfx/Screen.hpp:104:18:virtual void touchgfx::Screen::afterTransition()	16	static
../Middlewares/ST/touchgfx/framework/include/touchgfx/Screen.hpp:115:18:virtual void touchgfx::Screen::tearDownScreen()	16	static
../Middlewares/ST/touchgfx/framework/include/touchgfx/Screen.hpp:144:18:virtual void touchgfx::Screen::handleTickEvent()	16	static
../Middlewares/ST/touchgfx/framework/include/touchgfx/Screen.hpp:154:18:virtual void touchgfx::Screen::handleKeyEvent(uint8_t)	16	static
../TouchGFX/generated/gui_generated/include/gui_generated/reflow_setup_screen/Reflow_SetupViewBase.hpp:63:26:FrontendApplication& Reflow_SetupViewBase::application()	16	static
../TouchGFX/gui/include/gui/reflow_setup_screen/Reflow_SetupView.hpp:11:13:Reflow_SetupView::~Reflow_SetupView()	16	static
../TouchGFX/gui/include/gui/reflow_setup_screen/Reflow_SetupView.hpp:11:13:virtual Reflow_SetupView::~Reflow_SetupView()	16	static
../TouchGFX/gui/src/reflow_setup_screen/Reflow_SetupView.cpp:3:1:Reflow_SetupView::Reflow_SetupView()	16	static
../TouchGFX/gui/src/reflow_setup_screen/Reflow_SetupView.cpp:8:6:virtual void Reflow_SetupView::setupScreen()	16	static
../TouchGFX/gui/src/reflow_setup_screen/Reflow_SetupView.cpp:16:6:virtual void Reflow_SetupView::tearDownScreen()	16	static
../TouchGFX/gui/src/reflow_setup_screen/Reflow_SetupView.cpp:22:6:virtual void Reflow_SetupView::nextProfile()	16	static
../TouchGFX/gui/src/reflow_setup_screen/Reflow_SetupView.cpp:38:6:virtual void Reflow_SetupView::prevProfile()	16	static
../TouchGFX/gui/src/reflow_setup_screen/Reflow_SetupView.cpp:54:6:virtual void Reflow_SetupView::selectRamp1()	16	static
../TouchGFX/gui/src/reflow_setup_screen/Reflow_SetupView.cpp:61:6:virtual void Reflow_SetupView::selectSoak()	16	static
../TouchGFX/gui/src/reflow_setup_screen/Reflow_SetupView.cpp:68:6:virtual void Reflow_SetupView::selectRamp2()	16	static
../TouchGFX/gui/src/reflow_setup_screen/Reflow_SetupView.cpp:75:6:virtual void Reflow_SetupView::selectReflow()	16	static
../TouchGFX/gui/src/reflow_setup_screen/Reflow_SetupView.cpp:82:6:virtual void Reflow_SetupView::selectCooling()	16	static
../TouchGFX/gui/src/reflow_setup_screen/Reflow_SetupView.cpp:89:6:virtual void Reflow_SetupView::selectCurrProfile()	16	static
