../TouchGFX/simulator/target/generated/texts/src/TypedTextDatabase.cpp:183:43:const touchgfx::TypedText::TypedTextData* TypedTextDatabase::getInstance(touchgfx::LanguageId)	16	static
../TouchGFX/simulator/target/generated/texts/src/TypedTextDatabase.cpp:188:10:uint16_t TypedTextDatabase::getInstanceSize()	4	static
../TouchGFX/simulator/target/generated/texts/src/TypedTextDatabase.cpp:193:24:const touchgfx::Font** TypedTextDatabase::getFonts()	4	static
../TouchGFX/simulator/target/generated/texts/src/TypedTextDatabase.cpp:198:23:const touchgfx::Font* TypedTextDatabase::setFont(touchgfx::FontId, const touchgfx::Font*)	24	static
../TouchGFX/simulator/target/generated/texts/src/TypedTextDatabase.cpp:205:6:void TypedTextDatabase::resetFont(touchgfx::FontId)	16	static
../TouchGFX/simulator/target/generated/texts/src/TypedTextDatabase.cpp:223:1:void __static_initialization_and_destruction_0(int, int)	16	static
../TouchGFX/simulator/target/generated/texts/src/TypedTextDatabase.cpp:223:1:cpp)	8	static
