../Middlewares/ST/touchgfx/framework/include/mvp/Presenter.hpp:37:18:virtual void touchgfx::Presenter::activate()	16	static
../Middlewares/ST/touchgfx/framework/include/mvp/Presenter.hpp:47:18:virtual void touchgfx::Presenter::deactivate()	16	static
../Middlewares/ST/touchgfx/framework/include/mvp/Presenter.hpp:52:13:touchgfx::Presenter::~Presenter()	16	static
../Middlewares/ST/touchgfx/framework/include/mvp/Presenter.hpp:52:13:virtual touchgfx::Presenter::~Presenter()	16	static
../Middlewares/ST/touchgfx/framework/include/mvp/Presenter.hpp:58:5:touchgfx::Presenter::Presenter()	16	static
../TouchGFX/gui/include/gui/model/ModelListener.hpp:9:5:ModelListener::ModelListener()	16	static
../TouchGFX/gui/include/gui/model/ModelListener.hpp:11:13:ModelListener::~ModelListener()	16	static
../TouchGFX/gui/include/gui/model/ModelListener.hpp:11:13:virtual ModelListener::~ModelListener()	16	static
../TouchGFX/gui/include/gui/setup_pid_p_screen/Setup_Pid_PPresenter.hpp:28:13:Setup_Pid_PPresenter::~Setup_Pid_PPresenter()	16	static
../TouchGFX/gui/include/gui/setup_pid_p_screen/Setup_Pid_PPresenter.hpp:28:13:virtual Setup_Pid_PPresenter::~Setup_Pid_PPresenter()	16	static
../TouchGFX/gui/src/setup_pid_p_screen/Setup_Pid_PPresenter.cpp:4:1:Setup_Pid_PPresenter::Setup_Pid_PPresenter(Setup_Pid_PView&)	16	static
../TouchGFX/gui/src/setup_pid_p_screen/Setup_Pid_PPresenter.cpp:10:6:virtual void Setup_Pid_PPresenter::activate()	16	static
../TouchGFX/gui/src/setup_pid_p_screen/Setup_Pid_PPresenter.cpp:15:6:virtual void Setup_Pid_PPresenter::deactivate()	16	static
