../Core/Src/FLASH/z_flash_W25QXXX.c:40:6:Flash_Select	8	static
../Core/Src/FLASH/z_flash_W25QXXX.c:53:6:Flash_UnSelect	8	static
../Core/Src/FLASH/z_flash_W25QXXX.c:63:6:Flash_Receive	16	static
../Core/Src/FLASH/z_flash_W25QXXX.c:75:6:Flash_Polling_Transmit	16	static
../Core/Src/FLASH/z_flash_W25QXXX.c:90:6:Flash_Transmit	16	static
../Core/Src/FLASH/z_flash_W25QXXX.c:111:6:Flash_WaitForWritingComplete	16	static
../Core/Src/FLASH/z_flash_W25QXXX.c:136:6:Flash_Read	32	static
../Core/Src/FLASH/z_flash_W25QXXX.c:175:6:Flash_SimpleWriteAPage	32	static
../Core/Src/FLASH/z_flash_W25QXXX.c:202:6:Flash_Write	40	static
../Core/Src/FLASH/z_flash_W25QXXX.c:254:6:Flash_SErase4k	24	static
../Core/Src/FLASH/z_flash_W25QXXX.c:282:6:Flash_BErase32k	24	static
../Core/Src/FLASH/z_flash_W25QXXX.c:311:6:Flash_BErase64k	24	static
../Core/Src/FLASH/z_flash_W25QXXX.c:337:6:Flash_ChipErase	16	static
../Core/Src/FLASH/z_flash_W25QXXX.c:360:6:Flash_PowerDown	16	static
../Core/Src/FLASH/z_flash_W25QXXX.c:378:6:Flash_PowerUp	16	static
../Core/Src/FLASH/z_flash_W25QXXX.c:395:9:Flash_ReadDevID	16	static
../Core/Src/FLASH/z_flash_W25QXXX.c:414:10:Flash_ReadManufactutrerAndDevID	16	static
../Core/Src/FLASH/z_flash_W25QXXX.c:445:10:Flash_ReadJedecID	24	static
../Core/Src/FLASH/z_flash_W25QXXX.c:465:6:Flash_ReadSFDP	24	static
../Core/Src/FLASH/z_flash_W25QXXX.c:487:9:Flash_TestAvailability	272	static
../Core/Src/FLASH/z_flash_W25QXXX.c:512:9:Flash_Init	16	static
../Core/Src/FLASH/z_flash_W25QXXX.c:528:6:Flash_Reset	16	static
../Core/Src/FLASH/z_flash_W25QXXX.c:547:6:DataReader_WaitForReceiveDone	4	static
../Core/Src/FLASH/z_flash_W25QXXX.c:552:6:DataReader_ReadData	24	static
../Core/Src/FLASH/z_flash_W25QXXX.c:557:6:DataReader_StartDMAReadData	24	static
